{"sessionId":"301a2e","hypothesisId":"I","location":"AppRhiHotSwap.cpp","message":"window_recreate_before","data":{"keepPlacement":true},"timestamp":0}
{"sessionId":"301a2e","hypothesisId":"I","location":"AppRhiHotSwap.cpp","message":"window_recreate_after","data":{"keepPlacement":true},"timestamp":0}
{"sessionId":"301a2e","hypothesisId":"I","location":"OpenGLRHIDevice.cpp:initializeInternal","message":"pixel_format","data":{"reused":false,"pf":14,"getPF":14,"err":0},"timestamp":1786119241782}
{"sessionId":"301a2e","hypothesisId":"A","location":"ImGuiOpenGLRendererBackend.cpp:initialize","message":"before_ImplOpenGL3_Init","data":{},"timestamp":1786119241923}
{"sessionId":"301a2e","hypothesisId":"A","location":"ImGuiOpenGLRendererBackend.cpp:initialize","message":"after_ImplOpenGL3_Init","data":{"bResult":true},"timestamp":1786119241924}
{"sessionId":"301a2e","hypothesisId":"A","location":"ImGuiOpenGLRendererBackend.cpp:initialize","message":"viewport_hooks_installed","data":{"mainRC":65537},"timestamp":1786119241925}
{"sessionId":"301a2e","hypothesisId":"H","location":"ImGuiEditor.cpp:beginFrame","message":"enter","data":{},"timestamp":1786119241929}
{"sessionId":"301a2e","hypothesisId":"B","location":"ImGuiOpenGLRendererBackend.cpp:newFrame","message":"enter","data":{},"timestamp":1786119241929}
{"sessionId":"301a2e","hypothesisId":"B","location":"ImGuiOpenGLRendererBackend.cpp:newFrame","message":"exit","data":{},"timestamp":1786119242166}
{"sessionId":"301a2e","hypothesisId":"H","location":"ImGuiEditor.cpp:beginFrame","message":"after_renderer_newFrame","data":{},"timestamp":1786119242166}
{"sessionId":"301a2e","hypothesisId":"H","location":"ImGuiEditor.cpp:beginFrame","message":"after_platform_newFrame","data":{},"timestamp":1786119242166}
{"sessionId":"301a2e","hypothesisId":"H","location":"ImGuiEditor.cpp:beginFrame","message":"exit","data":{},"timestamp":1786119242168}
{"sessionId":"301a2e","hypothesisId":"H","location":"ImGuiEditor.cpp:render","message":"before_endFrame","data":{},"timestamp":1786119242171}
{"sessionId":"301a2e","hypothesisId":"H","location":"ImGuiEditor.cpp:render","message":"after_endFrame_before_renderBackend","data":{},"timestamp":1786119242171}
{"sessionId":"301a2e","hypothesisId":"B","location":"ImGuiOpenGLRendererBackend.cpp:render","message":"before_RenderDrawData","data":{},"timestamp":1786119242171}
{"sessionId":"301a2e","hypothesisId":"B","location":"ImGuiOpenGLRendererBackend.cpp:render","message":"after_RenderDrawData","data":{},"timestamp":1786119242172}
{"sessionId":"301a2e","hypothesisId":"H","location":"ImGuiEditor.cpp:render","message":"after_renderBackend","data":{},"timestamp":1786119242172}
{"sessionId":"301a2e","hypothesisId":"F","location":"OpenGLRHIDevice.cpp:endFrame","message":"before_swap","data":{"vsync":true,"n":0},"timestamp":1786119242172}
{"sessionId":"301a2e","hypothesisId":"F","location":"OpenGLRHIDevice.cpp:endFrame","message":"after_swap","data":{"swapMs":4},"timestamp":1786119242177}
{"sessionId":"301a2e","hypothesisId":"G","location":"ImGuiEditor.cpp:renderPlatformWindows","message":"before_UpdatePlatformWindows","data":{"backend":3,"viewports":1,"n":0},"timestamp":1786119242178}
{"sessionId":"301a2e","hypothesisId":"G","location":"ImGuiEditor.cpp:renderPlatformWindows","message":"before_RenderPlatformWindowsDefault","data":{},"timestamp":1786119242178}
{"sessionId":"301a2e","hypothesisId":"G","location":"ImGuiEditor.cpp:renderPlatformWindows","message":"after_RenderPlatformWindowsDefault","data":{},"timestamp":1786119242178}
{"sessionId":"301a2e","hypothesisId":"G","location":"ImGuiEditor.cpp:renderPlatformWindows","message":"after_restore_wglMakeCurrent","data":{},"timestamp":1786119242178}
{"sessionId":"301a2e","hypothesisId":"H","location":"ImGuiEditor.cpp:beginFrame","message":"enter","data":{},"timestamp":1786119242179}
{"sessionId":"301a2e","hypothesisId":"B","location":"ImGuiOpenGLRendererBackend.cpp:newFrame","message":"enter","data":{},"timestamp":1786119242179}
{"sessionId":"301a2e","hypothesisId":"B","location":"ImGuiOpenGLRendererBackend.cpp:newFrame","message":"exit","data":{},"timestamp":1786119242180}
{"sessionId":"301a2e","hypothesisId":"H","location":"ImGuiEditor.cpp:beginFrame","message":"after_renderer_newFrame","data":{},"timestamp":1786119242180}
{"sessionId":"301a2e","hypothesisId":"H","location":"ImGuiEditor.cpp:beginFrame","message":"after_platform_newFrame","data":{},"timestamp":1786119242180}
{"sessionId":"301a2e","hypothesisId":"H","location":"ImGuiEditor.cpp:beginFrame","message":"exit","data":{},"timestamp":1786119242180}
{"sessionId":"301a2e","hypothesisId":"H","location":"ImGuiEditor.cpp:render","message":"before_endFrame","data":{},"timestamp":1786119242181}
{"sessionId":"301a2e","hypothesisId":"H","location":"ImGuiEditor.cpp:render","message":"after_endFrame_before_renderBackend","data":{},"timestamp":1786119242182}
{"sessionId":"301a2e","hypothesisId":"B","location":"ImGuiOpenGLRendererBackend.cpp:render","message":"before_RenderDrawData","data":{},"timestamp":1786119242182}
{"sessionId":"301a2e","hypothesisId":"B","location":"ImGuiOpenGLRendererBackend.cpp:render","message":"after_RenderDrawData","data":{},"timestamp":1786119242182}
{"sessionId":"301a2e","hypothesisId":"H","location":"ImGuiEditor.cpp:render","message":"after_renderBackend","data":{},"timestamp":1786119242182}
{"sessionId":"301a2e","hypothesisId":"F","location":"OpenGLRHIDevice.cpp:endFrame","message":"before_swap","data":{"vsync":true,"n":1},"timestamp":1786119242182}
{"sessionId":"301a2e","hypothesisId":"F","location":"OpenGLRHIDevice.cpp:endFrame","message":"after_swap","data":{"swapMs":2},"timestamp":1786119242185}
{"sessionId":"301a2e","hypothesisId":"G","location":"ImGuiEditor.cpp:renderPlatformWindows","message":"before_UpdatePlatformWindows","data":{"backend":3,"viewports":1,"n":1},"timestamp":1786119242185}
{"sessionId":"301a2e","hypothesisId":"G","location":"ImGuiEditor.cpp:renderPlatformWindows","message":"before_RenderPlatformWindowsDefault","data":{},"timestamp":1786119242185}
{"sessionId":"301a2e","hypothesisId":"G","location":"ImGuiEditor.cpp:renderPlatformWindows","message":"after_RenderPlatformWindowsDefault","data":{},"timestamp":1786119242185}
{"sessionId":"301a2e","hypothesisId":"G","location":"ImGuiEditor.cpp:renderPlatformWindows","message":"after_restore_wglMakeCurrent","data":{},"timestamp":1786119242186}
{"sessionId":"301a2e","hypothesisId":"H","location":"ImGuiEditor.cpp:beginFrame","message":"enter","data":{},"timestamp":1786119242186}
{"sessionId":"301a2e","hypothesisId":"B","location":"ImGuiOpenGLRendererBackend.cpp:newFrame","message":"enter","data":{},"timestamp":1786119242186}
{"sessionId":"301a2e","hypothesisId":"B","location":"ImGuiOpenGLRendererBackend.cpp:newFrame","message":"exit","data":{},"timestamp":1786119242187}
{"sessionId":"301a2e","hypothesisId":"H","location":"ImGuiEditor.cpp:beginFrame","message":"after_renderer_newFrame","data":{},"timestamp":1786119242187}
{"sessionId":"301a2e","hypothesisId":"H","location":"ImGuiEditor.cpp:beginFrame","message":"after_platform_newFrame","data":{},"timestamp":1786119242187}
{"sessionId":"301a2e","hypothesisId":"H","location":"ImGuiEditor.cpp:beginFrame","message":"exit","data":{},"timestamp":1786119242187}
{"sessionId":"301a2e","hypothesisId":"H","location":"ImGuiEditor.cpp:render","message":"before_endFrame","data":{},"timestamp":1786119242188}
{"sessionId":"301a2e","hypothesisId":"H","location":"ImGuiEditor.cpp:render","message":"after_endFrame_before_renderBackend","data":{},"timestamp":1786119242189}
{"sessionId":"301a2e","hypothesisId":"B","location":"ImGuiOpenGLRendererBackend.cpp:render","message":"before_RenderDrawData","data":{},"timestamp":1786119242189}
{"sessionId":"301a2e","hypothesisId":"B","location":"ImGuiOpenGLRendererBackend.cpp:render","message":"after_RenderDrawData","data":{},"timestamp":1786119242189}
{"sessionId":"301a2e","hypothesisId":"H","location":"ImGuiEditor.cpp:render","message":"after_renderBackend","data":{},"timestamp":1786119242189}
{"sessionId":"301a2e","hypothesisId":"F","location":"OpenGLRHIDevice.cpp:endFrame","message":"before_swap","data":{"vsync":true,"n":2},"timestamp":1786119242189}
{"sessionId":"301a2e","hypothesisId":"F","location":"OpenGLRHIDevice.cpp:endFrame","message":"after_swap","data":{"swapMs":0},"timestamp":1786119242190}
{"sessionId":"301a2e","hypothesisId":"G","location":"ImGuiEditor.cpp:renderPlatformWindows","message":"before_UpdatePlatformWindows","data":{"backend":3,"viewports":1,"n":2},"timestamp":1786119242191}
{"sessionId":"301a2e","hypothesisId":"G","location":"ImGuiEditor.cpp:renderPlatformWindows","message":"before_RenderPlatformWindowsDefault","data":{},"timestamp":1786119242191}
{"sessionId":"301a2e","hypothesisId":"G","location":"ImGuiEditor.cpp:renderPlatformWindows","message":"after_RenderPlatformWindowsDefault","data":{},"timestamp":1786119242191}
{"sessionId":"301a2e","hypothesisId":"G","location":"ImGuiEditor.cpp:renderPlatformWindows","message":"after_restore_wglMakeCurrent","data":{},"timestamp":1786119242191}
{"sessionId":"301a2e","hypothesisId":"H","location":"ImGuiEditor.cpp:beginFrame","message":"enter","data":{},"timestamp":1786119242192}
{"sessionId":"301a2e","hypothesisId":"B","location":"ImGuiOpenGLRendererBackend.cpp:newFrame","message":"enter","data":{},"timestamp":1786119242192}
{"sessionId":"301a2e","hypothesisId":"B","location":"ImGuiOpenGLRendererBackend.cpp:newFrame","message":"exit","data":{},"timestamp":1786119242192}
{"sessionId":"301a2e","hypothesisId":"H","location":"ImGuiEditor.cpp:beginFrame","message":"after_renderer_newFrame","data":{},"timestamp":1786119242192}
{"sessionId":"301a2e","hypothesisId":"H","location":"ImGuiEditor.cpp:beginFrame","message":"after_platform_newFrame","data":{},"timestamp":1786119242193}
{"sessionId":"301a2e","hypothesisId":"H","location":"ImGuiEditor.cpp:beginFrame","message":"exit","data":{},"timestamp":1786119242193}
{"sessionId":"301a2e","hypothesisId":"H","location":"ImGuiEditor.cpp:render","message":"before_endFrame","data":{},"timestamp":1786119242194}
{"sessionId":"301a2e","hypothesisId":"H","location":"ImGuiEditor.cpp:render","message":"after_endFrame_before_renderBackend","data":{},"timestamp":1786119242194}
{"sessionId":"301a2e","hypothesisId":"B","location":"ImGuiOpenGLRendererBackend.cpp:render","message":"before_RenderDrawData","data":{},"timestamp":1786119242195}
{"sessionId":"301a2e","hypothesisId":"B","location":"ImGuiOpenGLRendererBackend.cpp:render","message":"after_RenderDrawData","data":{},"timestamp":1786119242195}
{"sessionId":"301a2e","hypothesisId":"H","location":"ImGuiEditor.cpp:render","message":"after_renderBackend","data":{},"timestamp":1786119242195}
{"sessionId":"301a2e","hypothesisId":"F","location":"OpenGLRHIDevice.cpp:endFrame","message":"before_swap","data":{"vsync":true,"n":3},"timestamp":1786119242195}
{"sessionId":"301a2e","hypothesisId":"F","location":"OpenGLRHIDevice.cpp:endFrame","message":"after_swap","data":{"swapMs":1},"timestamp":1786119242197}
{"sessionId":"301a2e","hypothesisId":"G","location":"ImGuiEditor.cpp:renderPlatformWindows","message":"before_UpdatePlatformWindows","data":{"backend":3,"viewports":1,"n":3},"timestamp":1786119242197}
{"sessionId":"301a2e","hypothesisId":"G","location":"ImGuiEditor.cpp:renderPlatformWindows","message":"before_RenderPlatformWindowsDefault","data":{},"timestamp":1786119242197}
{"sessionId":"301a2e","hypothesisId":"G","location":"ImGuiEditor.cpp:renderPlatformWindows","message":"after_RenderPlatformWindowsDefault","data":{},"timestamp":1786119242197}
{"sessionId":"301a2e","hypothesisId":"G","location":"ImGuiEditor.cpp:renderPlatformWindows","message":"after_restore_wglMakeCurrent","data":{},"timestamp":1786119242198}
{"sessionId":"301a2e","hypothesisId":"H","location":"ImGuiEditor.cpp:beginFrame","message":"enter","data":{},"timestamp":1786119242198}
{"sessionId":"301a2e","hypothesisId":"B","location":"ImGuiOpenGLRendererBackend.cpp:newFrame","message":"enter","data":{},"timestamp":1786119242198}
{"sessionId":"301a2e","hypothesisId":"B","location":"ImGuiOpenGLRendererBackend.cpp:newFrame","message":"exit","data":{},"timestamp":1786119242199}
{"sessionId":"301a2e","hypothesisId":"H","location":"ImGuiEditor.cpp:beginFrame","message":"after_renderer_newFrame","data":{},"timestamp":1786119242199}
{"sessionId":"301a2e","hypothesisId":"H","location":"ImGuiEditor.cpp:beginFrame","message":"after_platform_newFrame","data":{},"timestamp":1786119242199}
{"sessionId":"301a2e","hypothesisId":"H","location":"ImGuiEditor.cpp:beginFrame","message":"exit","data":{},"timestamp":1786119242199}
{"sessionId":"301a2e","hypothesisId":"H","location":"ImGuiEditor.cpp:render","message":"before_endFrame","data":{},"timestamp":1786119242200}
{"sessionId":"301a2e","hypothesisId":"H","location":"ImGuiEditor.cpp:render","message":"after_endFrame_before_renderBackend","data":{},"timestamp":1786119242201}
{"sessionId":"301a2e","hypothesisId":"B","location":"ImGuiOpenGLRendererBackend.cpp:render","message":"before_RenderDrawData","data":{},"timestamp":1786119242201}
{"sessionId":"301a2e","hypothesisId":"B","location":"ImGuiOpenGLRendererBackend.cpp:render","message":"after_RenderDrawData","data":{},"timestamp":1786119242201}
{"sessionId":"301a2e","hypothesisId":"H","location":"ImGuiEditor.cpp:render","message":"after_renderBackend","data":{},"timestamp":1786119242201}
{"sessionId":"301a2e","hypothesisId":"F","location":"OpenGLRHIDevice.cpp:endFrame","message":"before_swap","data":{"vsync":true,"n":4},"timestamp":1786119242202}
{"sessionId":"301a2e","hypothesisId":"F","location":"OpenGLRHIDevice.cpp:endFrame","message":"after_swap","data":{"swapMs":0},"timestamp":1786119242202}
{"sessionId":"301a2e","hypothesisId":"G","location":"ImGuiEditor.cpp:renderPlatformWindows","message":"before_UpdatePlatformWindows","data":{"backend":3,"viewports":1,"n":4},"timestamp":1786119242203}
{"sessionId":"301a2e","hypothesisId":"G","location":"ImGuiEditor.cpp:renderPlatformWindows","message":"before_RenderPlatformWindowsDefault","data":{},"timestamp":1786119242203}
{"sessionId":"301a2e","hypothesisId":"G","location":"ImGuiEditor.cpp:renderPlatformWindows","message":"after_RenderPlatformWindowsDefault","data":{},"timestamp":1786119242203}
{"sessionId":"301a2e","hypothesisId":"G","location":"ImGuiEditor.cpp:renderPlatformWindows","message":"after_restore_wglMakeCurrent","data":{},"timestamp":1786119242203}
{"sessionId":"301a2e","hypothesisId":"H","location":"ImGuiEditor.cpp:beginFrame","message":"enter","data":{},"timestamp":1786119242204}
{"sessionId":"301a2e","hypothesisId":"B","location":"ImGuiOpenGLRendererBackend.cpp:newFrame","message":"enter","data":{},"timestamp":1786119242204}
{"sessionId":"301a2e","hypothesisId":"B","location":"ImGuiOpenGLRendererBackend.cpp:newFrame","message":"exit","data":{},"timestamp":1786119242204}
{"sessionId":"301a2e","hypothesisId":"H","location":"ImGuiEditor.cpp:beginFrame","message":"after_renderer_newFrame","data":{},"timestamp":1786119242204}
{"sessionId":"301a2e","hypothesisId":"H","location":"ImGuiEditor.cpp:beginFrame","message":"after_platform_newFrame","data":{},"timestamp":1786119242204}
{"sessionId":"301a2e","hypothesisId":"H","location":"ImGuiEditor.cpp:beginFrame","message":"exit","data":{},"timestamp":1786119242204}
{"sessionId":"301a2e","hypothesisId":"H","location":"ImGuiEditor.cpp:render","message":"before_endFrame","data":{},"timestamp":1786119242206}
{"sessionId":"301a2e","hypothesisId":"H","location":"ImGuiEditor.cpp:render","message":"after_endFrame_before_renderBackend","data":{},"timestamp":1786119242206}
{"sessionId":"301a2e","hypothesisId":"B","location":"ImGuiOpenGLRendererBackend.cpp:render","message":"before_RenderDrawData","data":{},"timestamp":1786119242206}
{"sessionId":"301a2e","hypothesisId":"B","location":"ImGuiOpenGLRendererBackend.cpp:render","message":"after_RenderDrawData","data":{},"timestamp":1786119242206}
{"sessionId":"301a2e","hypothesisId":"H","location":"ImGuiEditor.cpp:render","message":"after_renderBackend","data":{},"timestamp":1786119242206}
{"sessionId":"301a2e","hypothesisId":"F","location":"OpenGLRHIDevice.cpp:endFrame","message":"before_swap","data":{"vsync":true,"n":5},"timestamp":1786119242207}
{"sessionId":"301a2e","hypothesisId":"F","location":"OpenGLRHIDevice.cpp:endFrame","message":"after_swap","data":{"swapMs":2},"timestamp":1786119242209}
{"sessionId":"301a2e","hypothesisId":"G","location":"ImGuiEditor.cpp:renderPlatformWindows","message":"before_UpdatePlatformWindows","data":{"backend":3,"viewports":1,"n":5},"timestamp":1786119242209}
{"sessionId":"301a2e","hypothesisId":"G","location":"ImGuiEditor.cpp:renderPlatformWindows","message":"before_RenderPlatformWindowsDefault","data":{},"timestamp":1786119242209}
{"sessionId":"301a2e","hypothesisId":"G","location":"ImGuiEditor.cpp:renderPlatformWindows","message":"after_RenderPlatformWindowsDefault","data":{},"timestamp":1786119242209}
{"sessionId":"301a2e","hypothesisId":"G","location":"ImGuiEditor.cpp:renderPlatformWindows","message":"after_restore_wglMakeCurrent","data":{},"timestamp":1786119242210}
{"sessionId":"301a2e","hypothesisId":"H","location":"ImGuiEditor.cpp:beginFrame","message":"enter","data":{},"timestamp":1786119242210}
{"sessionId":"301a2e","hypothesisId":"B","location":"ImGuiOpenGLRendererBackend.cpp:newFrame","message":"enter","data":{},"timestamp":1786119242211}
{"sessionId":"301a2e","hypothesisId":"B","location":"ImGuiOpenGLRendererBackend.cpp:newFrame","message":"exit","data":{},"timestamp":1786119242211}
{"sessionId":"301a2e","hypothesisId":"H","location":"ImGuiEditor.cpp:beginFrame","message":"after_renderer_newFrame","data":{},"timestamp":1786119242211}
{"sessionId":"301a2e","hypothesisId":"H","location":"ImGuiEditor.cpp:beginFrame","message":"after_platform_newFrame","data":{},"timestamp":1786119242211}
{"sessionId":"301a2e","hypothesisId":"H","location":"ImGuiEditor.cpp:beginFrame","message":"exit","data":{},"timestamp":1786119242211}
{"sessionId":"301a2e","hypothesisId":"H","location":"ImGuiEditor.cpp:render","message":"before_endFrame","data":{},"timestamp":1786119242212}
{"sessionId":"301a2e","hypothesisId":"H","location":"ImGuiEditor.cpp:render","message":"after_endFrame_before_renderBackend","data":{},"timestamp":1786119242213}
{"sessionId":"301a2e","hypothesisId":"B","location":"ImGuiOpenGLRendererBackend.cpp:render","message":"before_RenderDrawData","data":{},"timestamp":1786119242213}
{"sessionId":"301a2e","hypothesisId":"B","location":"ImGuiOpenGLRendererBackend.cpp:render","message":"after_RenderDrawData","data":{},"timestamp":1786119242213}
{"sessionId":"301a2e","hypothesisId":"H","location":"ImGuiEditor.cpp:render","message":"after_renderBackend","data":{},"timestamp":1786119242213}
{"sessionId":"301a2e","hypothesisId":"F","location":"OpenGLRHIDevice.cpp:endFrame","message":"before_swap","data":{"vsync":true,"n":6},"timestamp":1786119242213}
{"sessionId":"301a2e","hypothesisId":"F","location":"OpenGLRHIDevice.cpp:endFrame","message":"after_swap","data":{"swapMs":1},"timestamp":1786119242215}
{"sessionId":"301a2e","hypothesisId":"G","location":"ImGuiEditor.cpp:renderPlatformWindows","message":"before_UpdatePlatformWindows","data":{"backend":3,"viewports":1,"n":6},"timestamp":1786119242215}
{"sessionId":"301a2e","hypothesisId":"G","location":"ImGuiEditor.cpp:renderPlatformWindows","message":"before_RenderPlatformWindowsDefault","data":{},"timestamp":1786119242215}
{"sessionId":"301a2e","hypothesisId":"G","location":"ImGuiEditor.cpp:renderPlatformWindows","message":"after_RenderPlatformWindowsDefault","data":{},"timestamp":1786119242215}
{"sessionId":"301a2e","hypothesisId":"G","location":"ImGuiEditor.cpp:renderPlatformWindows","message":"after_restore_wglMakeCurrent","data":{},"timestamp":1786119242216}
{"sessionId":"301a2e","hypothesisId":"H","location":"ImGuiEditor.cpp:beginFrame","message":"enter","data":{},"timestamp":1786119242216}
{"sessionId":"301a2e","hypothesisId":"B","location":"ImGuiOpenGLRendererBackend.cpp:newFrame","message":"enter","data":{},"timestamp":1786119242216}
{"sessionId":"301a2e","hypothesisId":"B","location":"ImGuiOpenGLRendererBackend.cpp:newFrame","message":"exit","data":{},"timestamp":1786119242216}
{"sessionId":"301a2e","hypothesisId":"H","location":"ImGuiEditor.cpp:beginFrame","message":"after_renderer_newFrame","data":{},"timestamp":1786119242217}
{"sessionId":"301a2e","hypothesisId":"H","location":"ImGuiEditor.cpp:beginFrame","message":"after_platform_newFrame","data":{},"timestamp":1786119242217}
{"sessionId":"301a2e","hypothesisId":"H","location":"ImGuiEditor.cpp:beginFrame","message":"exit","data":{},"timestamp":1786119242217}
{"sessionId":"301a2e","hypothesisId":"H","location":"ImGuiEditor.cpp:render","message":"before_endFrame","data":{},"timestamp":1786119242218}
{"sessionId":"301a2e","hypothesisId":"H","location":"ImGuiEditor.cpp:render","message":"after_endFrame_before_renderBackend","data":{},"timestamp":1786119242218}
{"sessionId":"301a2e","hypothesisId":"B","location":"ImGuiOpenGLRendererBackend.cpp:render","message":"before_RenderDrawData","data":{},"timestamp":1786119242219}
{"sessionId":"301a2e","hypothesisId":"B","location":"ImGuiOpenGLRendererBackend.cpp:render","message":"after_RenderDrawData","data":{},"timestamp":1786119242219}
{"sessionId":"301a2e","hypothesisId":"H","location":"ImGuiEditor.cpp:render","message":"after_renderBackend","data":{},"timestamp":1786119242219}
{"sessionId":"301a2e","hypothesisId":"F","location":"OpenGLRHIDevice.cpp:endFrame","message":"before_swap","data":{"vsync":true,"n":7},"timestamp":1786119242219}
{"sessionId":"301a2e","hypothesisId":"F","location":"OpenGLRHIDevice.cpp:endFrame","message":"after_swap","data":{"swapMs":1},"timestamp":1786119242221}
{"sessionId":"301a2e","hypothesisId":"G","location":"ImGuiEditor.cpp:renderPlatformWindows","message":"before_UpdatePlatformWindows","data":{"backend":3,"viewports":1,"n":7},"timestamp":1786119242221}
{"sessionId":"301a2e","hypothesisId":"G","location":"ImGuiEditor.cpp:renderPlatformWindows","message":"before_RenderPlatformWindowsDefault","data":{},"timestamp":1786119242221}
{"sessionId":"301a2e","hypothesisId":"G","location":"ImGuiEditor.cpp:renderPlatformWindows","message":"after_RenderPlatformWindowsDefault","data":{},"timestamp":1786119242221}
{"sessionId":"301a2e","hypothesisId":"G","location":"ImGuiEditor.cpp:renderPlatformWindows","message":"after_restore_wglMakeCurrent","data":{},"timestamp":1786119242221}
{"sessionId":"301a2e","hypothesisId":"F","location":"OpenGLRHIDevice.cpp:endFrame","message":"before_swap","data":{"vsync":true,"n":8},"timestamp":1786119242223}
{"sessionId":"301a2e","hypothesisId":"F","location":"OpenGLRHIDevice.cpp:endFrame","message":"after_swap","data":{"swapMs":2},"timestamp":1786119242226}
{"sessionId":"301a2e","hypothesisId":"F","location":"OpenGLRHIDevice.cpp:endFrame","message":"before_swap","data":{"vsync":true,"n":9},"timestamp":1786119242228}
{"sessionId":"301a2e","hypothesisId":"F","location":"OpenGLRHIDevice.cpp:endFrame","message":"after_swap","data":{"swapMs":3},"timestamp":1786119242232}
{"sessionId":"301a2e","hypothesisId":"F","location":"OpenGLRHIDevice.cpp:endFrame","message":"before_swap","data":{"vsync":true,"n":10},"timestamp":1786119242233}
{"sessionId":"301a2e","hypothesisId":"F","location":"OpenGLRHIDevice.cpp:endFrame","message":"after_swap","data":{"swapMs":4},"timestamp":1786119242238}
{"sessionId":"301a2e","hypothesisId":"F","location":"OpenGLRHIDevice.cpp:endFrame","message":"before_swap","data":{"vsync":true,"n":11},"timestamp":1786119242240}
{"sessionId":"301a2e","hypothesisId":"F","location":"OpenGLRHIDevice.cpp:endFrame","message":"after_swap","data":{"swapMs":3},"timestamp":1786119242244}
{"sessionId":"301a2e","hypothesisId":"F","location":"OpenGLRHIDevice.cpp:endFrame","message":"before_swap","data":{"vsync":true,"n":12},"timestamp":1786119242246}
{"sessionId":"301a2e","hypothesisId":"F","location":"OpenGLRHIDevice.cpp:endFrame","message":"after_swap","data":{"swapMs":4},"timestamp":1786119242250}
{"sessionId":"301a2e","hypothesisId":"F","location":"OpenGLRHIDevice.cpp:endFrame","message":"before_swap","data":{"vsync":true,"n":13},"timestamp":1786119242252}
{"sessionId":"301a2e","hypothesisId":"F","location":"OpenGLRHIDevice.cpp:endFrame","message":"after_swap","data":{"swapMs":4},"timestamp":1786119242256}
{"sessionId":"301a2e","hypothesisId":"F","location":"OpenGLRHIDevice.cpp:endFrame","message":"before_swap","data":{"vsync":true,"n":14},"timestamp":1786119242258}
{"sessionId":"301a2e","hypothesisId":"F","location":"OpenGLRHIDevice.cpp:endFrame","message":"after_swap","data":{"swapMs":4},"timestamp":1786119242262}
{"sessionId":"301a2e","hypothesisId":"F","location":"OpenGLRHIDevice.cpp:endFrame","message":"before_swap","data":{"vsync":true,"n":15},"timestamp":1786119242264}
{"sessionId":"301a2e","hypothesisId":"F","location":"OpenGLRHIDevice.cpp:endFrame","message":"after_swap","data":{"swapMs":3},"timestamp":1786119242268}
{"sessionId":"301a2e","hypothesisId":"F","location":"OpenGLRHIDevice.cpp:endFrame","message":"before_swap","data":{"vsync":true,"n":16},"timestamp":1786119242270}
{"sessionId":"301a2e","hypothesisId":"F","location":"OpenGLRHIDevice.cpp:endFrame","message":"after_swap","data":{"swapMs":4},"timestamp":1786119242274}
{"sessionId":"301a2e","hypothesisId":"F","location":"OpenGLRHIDevice.cpp:endFrame","message":"before_swap","data":{"vsync":true,"n":17},"timestamp":1786119242276}
{"sessionId":"301a2e","hypothesisId":"F","location":"OpenGLRHIDevice.cpp:endFrame","message":"after_swap","data":{"swapMs":4},"timestamp":1786119242280}
{"sessionId":"301a2e","hypothesisId":"F","location":"OpenGLRHIDevice.cpp:endFrame","message":"before_swap","data":{"vsync":true,"n":18},"timestamp":1786119242282}
{"sessionId":"301a2e","hypothesisId":"F","location":"OpenGLRHIDevice.cpp:endFrame","message":"after_swap","data":{"swapMs":4},"timestamp":1786119242287}
{"sessionId":"301a2e","hypothesisId":"F","location":"OpenGLRHIDevice.cpp:endFrame","message":"before_swap","data":{"vsync":true,"n":19},"timestamp":1786119242289}
{"sessionId":"301a2e","hypothesisId":"F","location":"OpenGLRHIDevice.cpp:endFrame","message":"after_swap","data":{"swapMs":3},"timestamp":1786119242293}
{"sessionId":"301a2e","hypothesisId":"F","location":"OpenGLRHIDevice.cpp:endFrame","message":"before_swap","data":{"vsync":true,"n":20},"timestamp":1786119242294}
{"sessionId":"301a2e","hypothesisId":"F","location":"OpenGLRHIDevice.cpp:endFrame","message":"after_swap","data":{"swapMs":4},"timestamp":1786119242299}
{"sessionId":"301a2e","hypothesisId":"F","location":"OpenGLRHIDevice.cpp:endFrame","message":"before_swap","data":{"vsync":true,"n":21},"timestamp":1786119242300}
{"sessionId":"301a2e","hypothesisId":"F","location":"OpenGLRHIDevice.cpp:endFrame","message":"after_swap","data":{"swapMs":4},"timestamp":1786119242305}
{"sessionId":"301a2e","hypothesisId":"F","location":"OpenGLRHIDevice.cpp:endFrame","message":"before_swap","data":{"vsync":true,"n":22},"timestamp":1786119242306}
{"sessionId":"301a2e","hypothesisId":"F","location":"OpenGLRHIDevice.cpp:endFrame","message":"after_swap","data":{"swapMs":4},"timestamp":1786119242311}
{"sessionId":"301a2e","hypothesisId":"F","location":"OpenGLRHIDevice.cpp:endFrame","message":"before_swap","data":{"vsync":true,"n":23},"timestamp":1786119242313}
{"sessionId":"301a2e","hypothesisId":"F","location":"OpenGLRHIDevice.cpp:endFrame","message":"after_swap","data":{"swapMs":3},"timestamp":1786119242317}
{"sessionId":"301a2e","hypothesisId":"F","location":"OpenGLRHIDevice.cpp:endFrame","message":"before_swap","data":{"vsync":true,"n":24},"timestamp":1786119242319}
{"sessionId":"301a2e","hypothesisId":"F","location":"OpenGLRHIDevice.cpp:endFrame","message":"after_swap","data":{"swapMs":4},"timestamp":1786119242323}
{"sessionId":"301a2e","hypothesisId":"F","location":"OpenGLRHIDevice.cpp:endFrame","message":"before_swap","data":{"vsync":true,"n":25},"timestamp":1786119242325}
{"sessionId":"301a2e","hypothesisId":"F","location":"OpenGLRHIDevice.cpp:endFrame","message":"after_swap","data":{"swapMs":3},"timestamp":1786119242329}
{"sessionId":"301a2e","hypothesisId":"F","location":"OpenGLRHIDevice.cpp:endFrame","message":"before_swap","data":{"vsync":true,"n":26},"timestamp":1786119242331}
{"sessionId":"301a2e","hypothesisId":"F","location":"OpenGLRHIDevice.cpp:endFrame","message":"after_swap","data":{"swapMs":4},"timestamp":1786119242335}
{"sessionId":"301a2e","hypothesisId":"F","location":"OpenGLRHIDevice.cpp:endFrame","message":"before_swap","data":{"vsync":true,"n":27},"timestamp":1786119242337}
{"sessionId":"301a2e","hypothesisId":"F","location":"OpenGLRHIDevice.cpp:endFrame","message":"after_swap","data":{"swapMs":3},"timestamp":1786119242341}
{"sessionId":"301a2e","hypothesisId":"F","location":"OpenGLRHIDevice.cpp:endFrame","message":"before_swap","data":{"vsync":true,"n":28},"timestamp":1786119242343}
{"sessionId":"301a2e","hypothesisId":"F","location":"OpenGLRHIDevice.cpp:endFrame","message":"after_swap","data":{"swapMs":4},"timestamp":1786119242347}
{"sessionId":"301a2e","hypothesisId":"F","location":"OpenGLRHIDevice.cpp:endFrame","message":"before_swap","data":{"vsync":true,"n":29},"timestamp":1786119242349}
{"sessionId":"301a2e","hypothesisId":"F","location":"OpenGLRHIDevice.cpp:endFrame","message":"after_swap","data":{"swapMs":3},"timestamp":1786119242353}
{"sessionId":"301a2e","hypothesisId":"I","location":"AppRhiHotSwap.cpp","message":"window_recreate_before","data":{"keepPlacement":true},"timestamp":0}
{"sessionId":"301a2e","hypothesisId":"I","location":"AppRhiHotSwap.cpp","message":"window_recreate_after","data":{"keepPlacement":true},"timestamp":0}
{"sessionId":"301a2e","hypothesisId":"I","location":"AppRhiHotSwap.cpp","message":"window_recreate_before","data":{"keepPlacement":true},"timestamp":0}
{"sessionId":"301a2e","hypothesisId":"I","location":"AppRhiHotSwap.cpp","message":"window_recreate_after","data":{"keepPlacement":true},"timestamp":0}
{"sessionId":"301a2e","hypothesisId":"I","location":"OpenGLRHIDevice.cpp:initializeInternal","message":"pixel_format","data":{"reused":false,"pf":14,"getPF":14,"err":0},"timestamp":1786119255566}
{"sessionId":"301a2e","hypothesisId":"A","location":"ImGuiOpenGLRendererBackend.cpp:initialize","message":"before_ImplOpenGL3_Init","data":{},"timestamp":1786119255631}
{"sessionId":"301a2e","hypothesisId":"A","location":"ImGuiOpenGLRendererBackend.cpp:initialize","message":"after_ImplOpenGL3_Init","data":{"bResult":true},"timestamp":1786119255632}
{"sessionId":"301a2e","hypothesisId":"A","location":"ImGuiOpenGLRendererBackend.cpp:initialize","message":"viewport_hooks_installed","data":{"mainRC":131072},"timestamp":1786119255632}
{"sessionId":"301a2e","hypothesisId":"I","location":"AppRhiHotSwap.cpp","message":"window_recreate_before","data":{"keepPlacement":true},"timestamp":0}
{"sessionId":"301a2e","hypothesisId":"I","location":"AppRhiHotSwap.cpp","message":"window_recreate_after","data":{"keepPlacement":true},"timestamp":0}
{"sessionId":"301a2e","hypothesisId":"I","location":"AppRhiHotSwap.cpp","message":"window_recreate_before","data":{"keepPlacement":true},"timestamp":0}
{"sessionId":"301a2e","hypothesisId":"I","location":"AppRhiHotSwap.cpp","message":"window_recreate_after","data":{"keepPlacement":true},"timestamp":0}
{"sessionId":"301a2e","hypothesisId":"I","location":"OpenGLRHIDevice.cpp:initializeInternal","message":"pixel_format","data":{"reused":false,"pf":14,"getPF":14,"err":0},"timestamp":1786119260983}
{"sessionId":"301a2e","hypothesisId":"A","location":"ImGuiOpenGLRendererBackend.cpp:initialize","message":"before_ImplOpenGL3_Init","data":{},"timestamp":1786119261068}
{"sessionId":"301a2e","hypothesisId":"A","location":"ImGuiOpenGLRendererBackend.cpp:initialize","message":"after_ImplOpenGL3_Init","data":{"bResult":true},"timestamp":1786119261068}
{"sessionId":"301a2e","hypothesisId":"A","location":"ImGuiOpenGLRendererBackend.cpp:initialize","message":"viewport_hooks_installed","data":{"mainRC":196609},"timestamp":1786119261069}
{"sessionId":"301a2e","hypothesisId":"I","location":"AppRhiHotSwap.cpp","message":"window_recreate_before","data":{"keepPlacement":true},"timestamp":0}
{"sessionId":"301a2e","hypothesisId":"I","location":"AppRhiHotSwap.cpp","message":"window_recreate_after","data":{"keepPlacement":true},"timestamp":0}
